0|.cda
0|.DAT
0|.eml
0|.hta
0|.htc
0|.manifest
0|.migtable
0|.nws
0|.pcb
0|.sfcache
0|.slupkg-ms
0|.WebAllowBlockList
0|.wll
0|.WMD
0|.WMS
0|.wmz
0|AppID\Acrobat.exe
0|Applications\WINWORD.EXE\TaskbarExceptionsIcons
0|CEIPLuaElevationHelper
0|CLSID
0|CLSID\{08EE6878-C867-4D8C-A360-FED4B6501D54}
0|CLSID\{300165D9-44B1-4C7A-AD58-4A9E7200E2E8}\LocalServer32
0|CLSID\{32be5ed2-5c86-480f-a914-0ff8885a1b3f}\ToolboxBitmap32
0|CLSID\{3be9934e-4d1f-4e31-8bc3-8efc710ee0f2}
0|CLSID\{655807c3-deb2-4db5-a85a-383b412d4340}\InprocServer32
0|CLSID\{7EA9A8FA-F5D2-49E1-99E8-C26EE07FCE14}
0|CLSID\{853c9738-9e98-45af-aef4-dc0c6237b388}
0|CLSID\{B977CB2D-EC6E-4A8F-BFFE-D18682BB0D52}\InProcServer32
0|CLSID\{C523F39F-9C83-11D3-9094-00104BD0D535}
0|CLSID\{DA4E3DA0-D07D-11d0-BD50-00A0C911CE86}
0|CLSID\{DA4E3DA0-D07D-11d0-BD50-00A0C911CE86}\Instance\{CC7BFB41-F175-11d1-A392-00E0291F3959}
0|CLSID\{DFEAF541-F3E1-4c24-ACAC-99C30715084A}
0|CLSID\{f744e496-1b5a-489e-81dc-fbd7ac6298a8}
0|CLSID\{f744e496-1b5a-489e-81dc-fbd7ac6298a8}\InprocServer32
0|DiskManagement.Connection
0|ehGLID.GLIDPlugInUDCR
0|ehGLID.GLIDPlugInUDCR.1
0|eHome.RecovRecoveryTaskMonitoreryTasks
0|ERCLuaElevationHelper
0|ERCLuaSupport.1
0|Game
0|HeaderFooter.HeaderFooter.1
0|Interface\{062c7f3f-5d6c-426b-95d9-69dddcf524ad}
0|Interface\{3581572a-9b9e-4500-bcad-5bb5a737b0e2}
0|Interface\{435eb1b8-b681-4569-b862-551e13764315}
0|Interface\{5a36a745-8357-49ff-92ee-9a5bfe043496}
0|Interface\{5c60f565-4f7f-4894-a9c8-1c4cad355f16}
0|NetProjW.Elev.1
0|Scriptlet.Behavior
0|Scriptlet.HiFiTimer
0|Scriptlet.SvrOm
0|Search.CollatorErrors.1
0|Search.CustomWordbreaker
0|Search.CustomWordbreaker.1
0|Search.DirMonitorNotifier.1
0|Search.EmbeddedSearchSvcAdmin.1
0|Search.FilesystemBackupProvider.1
0|Search.Indexer.1
0|Search.NlCiIndex.1
0|SpeechUX.SpeechMediaPlayerStringCollection.1
0|STSInproc.SpeechPropertyStore.1
1|Software\JavaSoft
1|Software\Microsoft\Office\10.0\Outlook\Journal
1|Software\Microsoft\Office\11.0\Outlook\Journal
1|Software\Microsoft\Office\14.0\Excel\Security\Trusted Locations\Location1
1|Software\Microsoft\Office\14.0\Outlook\Journal
1|Software\Microsoft\Office\14.0\Word\Security\Trusted Locations\Location2
1|Software\Microsoft\Windows NT\CurrentVersion\AeDebug
1|Software\Microsoft\Windows\CurrentVersion\Explorer\FileExts\DDECache
1|Software\Microsoft\Windows\CurrentVersion\Explorer\FileExts\OpenWithList
1|Software\Microsoft\Windows\CurrentVersion\Explorer\Shell Folders
1|Software\Microsoft\Windows\CurrentVersion\Media Center\MRU
1|Software\Policies\Microsoft\Office\14.0\outlook
2|SOFTWARE\Classes\CLSID\{32be5ed2-5c86-480f-a914-0ff8885a1b3f}\ToolboxBitmap32
2|SOFTWARE\Classes\CLSID\{7EA9A8FA-F5D2-49E1-99E8-C26EE07FCE14}
2|SOFTWARE\Classes\CLSID\{B977CB2D-EC6E-4A8F-BFFE-D18682BB0D52}\InProcServer32
2|SOFTWARE\Classes\Interface\{C16E1104-4D9E-4EA0-8904-E7694ECA12B0}
2|SOFTWARE\Clients\JavaVM\MSJavaVM\InstallInfo
2|SOFTWARE\Hewlett-Packard\DigitalImaging
2|SOFTWARE\Hewlett-Packard\DigitalImaging\CtxMgr\Strings
2|SOFTWARE\lexmark\MarkVision\LexBCE\Debug Options
2|SOFTWARE\Microsoft\Active Setup\Installed Components\{EF289A85-8E57-408d-BE47-73B55609861A}
2|Software\Microsoft\Fusion
2|SOFTWARE\Microsoft\IMAPI\StashInfo
2|SOFTWARE\Microsoft\Internet Explorer\MAIN
2|SOFTWARE\Microsoft\Internet Explorer\MAIN\FeatureControl
2|SOFTWARE\Microsoft\MMC\SnapIns\FX:{a1bc4ecb-66b2-44e8-9915-be02e84438ba}
2|SOFTWARE\Microsoft\Office\14.0\User Settings\Excel_Core\Create\Software\Microsoft\Office\14.0\Excel\Security\Trusted Locations\Location1
2|SOFTWARE\Microsoft\Office\14.0\User Settings\Word_Core\Create\Software\Microsoft\Office\14.0\Word\Security\Trusted Locations\Location2
2|SOFTWARE\Microsoft\PowerShell\1\PowerShellEngine
2|SOFTWARE\Microsoft\TPG\InputPersonalization\AnalysisTokens\4103\IPS
2|SOFTWARE\Microsoft\TPG\System Recognizers\{6D3087D7-61D2-495f-9293-5B7B1C3FCEAB}
2|SOFTWARE\Microsoft\TPG\System Recognizers\{6D3087D7-61D2-495f-9293-5B7B1C3FCEAB}\Resources
2|SOFTWARE\Microsoft\WBEM\WDM
2|SOFTWARE\Microsoft\Windows NT\CurrentVersion\AeDebug
2|SOFTWARE\Microsoft\Windows Search\Gather\Windows\SystemIndex
2|Software\Microsoft\Windows\CurrentVersion\Policies
3|S-1-5-19\Software\Microsoft\Windows\CurrentVersion\Explorer\Shell Folders
3|S-1-5-20\Software\Microsoft\MediaPlayer\Setup\CreatedLinks
3|S-1-5-20\Software\Microsoft\Windows\CurrentVersion\Explorer\Shell Folders
3|S-1-5-21-2804541555-3115329147-3607654605-53603\Software\Microsoft\Office\14.0\Outlook\Journal
3|S-1-5-21-2804541555-3115329147-3607654605-53603\Software\Microsoft\Office\14.0\Outlook\Journal
3|S-1-5-21-2804541555-3115329147-3607654605-53603\Software\Microsoft\Windows NT\CurrentVersion\AeDebug
3|S-1-5-21-2804541555-3115329147-3607654605-53603\Software\Policies\Microsoft\Office\14.0\outlook
